62cee52c45efe6edfbd76c255cb00eb1ad3e64a1b632765c18ed646aaa376ede