13a6d7695305e26f9a8109c6e7538c9548194d22081d94bf5e077955435f1ff2