317abd1c3986ce67428919f09d25c24aa04e0f9115f02c270472ac78c06e3da5
