8c402120b8edf69e2d8f13ae59642cd772291811a3032f37d2d1a4ea2f655d53