c3ccd1e2a67f6fdd49d9da6bc7b0741ab0aa1fe014d21c650c89ad40b4c8764d
