139ca5099013e2c1d68bdae227eee3579354115c0b21d276b86717ca7b9b4971
