a7300137ff97e7c26467b5b1aa8c53d04df284d67ff1f2088bba24e0fbb5b72f