0adce29a02d614437e1394a1a917e7b807516309c41f5b4a7e3ffcb6e8a5b90e