92d14998fe6ef80ed15e776edd31e2633e3b985a439cf3906eee2779a93cd45c