04041bd99c55ae8951bc239c767535f1428ad9c17cf0f3fae41a3fb1691716fc