6459f99dce9fd1d3a7d292d9641a6f6a5cbf656a85d0032193ef8f371c76f9c3