8e8567f56df0ffd37cc96d04fd8ee295b961797853a0085a2a8f98a6055267e9
