267cc464685364a673cea07492b50d353371911e8db5a10b80ea9ffa319d6793