5df744d5b2c45060477418517694a6edd116696dcc29fa8bf5df07fdc856f22c
