12010986147b66b87faa75acd3a07634738a9b7b3e4467525d61b5f3cb9bf792